// Jest Snapshot v1, https://goo.gl/fbAQLP

exports[`[components] Form should render correctly 1`] = `
.c0 {
  display: -webkit-box;
  display: -webkit-flex;
  display: -ms-flexbox;
  display: flex;
  -webkit-flex-direction: column;
  -ms-flex-direction: column;
  flex-direction: column;
  margin: 1.4rem auto;
  max-width: 420px;
  padding: 0 1.2rem;
  width: 100%;
}

<div>
  <form
    class="c0"
  >
    My Form
  </form>
</div>
`;
